[93mtest SHA:[0m
test/f_1:
2e513229b247cc2174b8cf0cb5ad7414fa5b979b693d800db18ea9b74ea576d9
test/f_10:
c71ae8603a2563ae1ba6a0b2b9c93241e1de2857aa7a6031f2e0380d7cc66abc
test/f_2:
92745ae5d0bf566bd400ddcc4a26992a7ef5eb06485ba2788eb32798979afde8
test/f_3:
3cfa7b37481ca8f80161bdc55fe6498b81e7290edb80b3e7e7ca8a74d350b26d
test/f_4:
5093ee5213d66312a8f22c64633ca2cde0e64eac6686d77b350b879a2eda54f9
test/f_5:
315e47683865ec3d342f97dae840ce694ae9d2f92d6b1d7ddf742db00d08f7db
test/f_6:
bb7797e3a8a5de727c2c26fdd1566c2815a84965e9f46b6aa0e2b4a58041d3c6
test/f_7:
fe831aab5e3c2f443fa19816f81f7bd69343057976204dc7b44fea77b84034d6
test/f_8:
d4e7c5505ae563647f7484102073aa2aafc2978b12c1a3fdc16ca4247bcdc2ff
test/f_9:
a66978ec4b6680ba53e8f17073dd30f577528029e0e3638da0efae3ef32afa19
