[93mtest MD5:[0m
test/f_1:
e1671797c52e15f763380b45e841ec32
test/f_10:
b062ea3d0d2afcbfcc9c8e92550465a6
test/f_2:
ec930a612dbbb3175ebf36d7bc5982b5
test/f_3:
d1e2634cb743590b235fe6b1dfa763ba
test/f_4:
baa971fb9589db91d8f637f16a8b56aa
test/f_5:
1775742094f495b5c364de648dc1a1f1
test/f_6:
c81342862956a19390f677663aebc844
test/f_7:
f3e4b6b456c9f6aac88c034bb8376ca9
test/f_8:
2a0617accf8bb8625c43e2ffeb5b8d5b
test/f_9:
4223028db6e5a55347e2e7565ffc583c
