[93mtest SHA:[0m
test/f_1:
3f79bb7b435b05321651daefd374cdc681dc06faa65e374e38337b88ca046dea
test/f_10:
b0bb64c5b793930c619968b6a40b53674469dc0787468cd85ac65f1adeaf22b4
test/f_2:
c5f6f2a26eb214d7e75ba79de8f50a862138ed5b6c1ffd071b2613bb94b482a6
test/f_3:
987d2c1d9216b34f47d7d3692ca5395ca0a68d83581173c7152237aa26f00ea3
test/f_4:
4b08518a347b36b5155c9121a697e5ddcf7d6778a7cfaf62664d3e82cc8e5116
test/f_5:
4c2141d3e16291f445347afb698ba3e0ec958e1877662383dbfc35035af377c6
test/f_6:
1a2ed2078cf21d942e6e83c14276ad0724a805d7db7877511256913a8a660ce4
test/f_7:
aae36bca37f105d54ac49a1e78c216e3d5ce20561b471d2e1fd5c425cf2f3a16
test/f_8:
a05572586232a720b80a2f5e7fdeeca53c7740afca43818ab87e48f96e2b2647
test/f_9:
b9e897ac43b38a2f1ed97ec1fe3073ac0f99e0538a03951340485cc87f4a4cd2
